// Jest Snapshot v1, https://goo.gl/fbAQLP

exports[`should render correctly  1`] = `
<p
  className="example-div"
>
  Welcome to the Register Page
   
  <Link
    replace={false}
    style={
      Object {
        "color": "#79ad6f",
        "textDecoration": "none",
      }
    }
    to="/login"
  >
     
    Login Here
  </Link>
</p>
`;
